2147344001
1555212023
596535773
219824750
668954727
